
> skinz-app@0.1.0 build
> vite build

[36mvite v8.0.16 [32mbuilding client environment for production...[36m[39m
[2K
transforming...Ô£ô 1 modules transformed.
node.exe : [31mÔ£ù[39m Build failed in 857ms
In Zeile:1 Zeichen:1
+ & "C:\Program Files\nodejs/node.exe" "C:\Program Files\nodejs/node_mo ...
+ ~~~~~~~~~~~~~~~~~~~~~~~~~~~~~~~~~~~~~~~~~~~~~~~~~~~~~~~~~~~~~~~~~~~~~
    + CategoryInfo          : NotSpecified: ([31mÔ£ù[39m Build failed in 857ms:String) [], RemoteException
    + FullyQualifiedErrorId : NativeCommandError
 
[31merror during build:
[31mBuild failed with 1 error:

[plugin vite:build-html] C:/dev/skinz-app/index.html
Error: Failed to resolve /src/main.jsx from C:/dev/skinz-app/index.html
    at file:///C:/dev/skinz-app/node_modules/vite/dist/node/chunks/node.js:22465:64
    at async Promise.all (index 0)
    at async TransformPluginContextImpl.handler 
(file:///C:/dev/skinz-app/node_modules/vite/dist/node/chunks/node.js:22563:5)
    at async plugin 
(file:///C:/dev/skinz-app/node_modules/rolldown/dist/shared/bindingify-input-options-ClrST5Xx.mjs:1185:16)
    at async plugin.<computed> 
(file:///C:/dev/skinz-app/node_modules/rolldown/dist/shared/bindingify-input-options-ClrST5Xx.mjs:1625:12)[31m
    at aggregateBindingErrorsIntoJsError 
(file:///C:/dev/skinz-app/node_modules/rolldown/dist/shared/error-BuvQYXuZ.mjs:48:18)
    at unwrapBindingResult (file:///C:/dev/skinz-app/node_modules/rolldown/dist/shared/error-BuvQYXuZ.mjs:18:128)
    at #build (file:///C:/dev/skinz-app/node_modules/rolldown/dist/shared/rolldown-build-CrPk_lZe.mjs:3246:34)
    at async buildEnvironment (file:///C:/dev/skinz-app/node_modules/vite/dist/node/chunks/node.js:33253:64)
    at async Object.build (file:///C:/dev/skinz-app/node_modules/vite/dist/node/chunks/node.js:33675:19)
    at async Object.buildApp (file:///C:/dev/skinz-app/node_modules/vite/dist/node/chunks/node.js:33672:153)
    at async CAC.<anonymous> (file:///C:/dev/skinz-app/node_modules/vite/dist/node/cli.js:777:3) {
  errors: [Getter/Setter]
}[39m
